../Core/Src/main.c:130:5:main	64	static
../Core/Src/main.c:340:6:SystemClock_Config	88	static
../Core/Src/main.c:386:13:MX_CAN1_Init	8	static
../Core/Src/main.c:423:13:MX_I2C1_Init	8	static
../Core/Src/main.c:457:13:MX_TIM6_Init	16	static
../Core/Src/main.c:495:13:MX_GPIO_Init	40	static
../Core/Src/main.c:527:13:delayUS	16	static
../Core/Src/main.c:534:6:sensorPinOUT	8	static
../Core/Src/main.c:541:6:sensorPinIN	8	static
../Core/Src/main.c:549:6:startBit	8	static
../Core/Src/main.c:557:9:detect	16	static
../Core/Src/main.c:579:6:acquireData	32	static
../Core/Src/main.c:609:9:changeRegPtr	32	static
../Core/Src/main.c:616:9:getBytes	32	static
../Core/Src/main.c:623:9:putBytes	32	static
../Core/Src/main.c:632:6:CAN_filterConfig	48	static
../Core/Src/main.c:650:6:HAL_CAN_RxFifo0MsgPendingCallback	24	static
../Core/Src/main.c:673:6:Error_Handler	4	static,ignoring_inline_asm
