../Core/Src/main.c:130:5:main	6
../Core/Src/main.c:340:6:SystemClock_Config	3
../Core/Src/main.c:386:13:MX_CAN1_Init	2
../Core/Src/main.c:423:13:MX_I2C1_Init	2
../Core/Src/main.c:457:13:MX_TIM6_Init	3
../Core/Src/main.c:495:13:MX_GPIO_Init	1
../Core/Src/main.c:527:13:delayUS	2
../Core/Src/main.c:534:6:sensorPinOUT	1
../Core/Src/main.c:541:6:sensorPinIN	1
../Core/Src/main.c:549:6:startBit	1
../Core/Src/main.c:557:9:detect	4
../Core/Src/main.c:579:6:acquireData	6
../Core/Src/main.c:609:9:changeRegPtr	2
../Core/Src/main.c:616:9:getBytes	2
../Core/Src/main.c:623:9:putBytes	2
../Core/Src/main.c:632:6:CAN_filterConfig	1
../Core/Src/main.c:650:6:HAL_CAN_RxFifo0MsgPendingCallback	5
../Core/Src/main.c:673:6:Error_Handler	1
