../Core/Src/main.c:78:5:main	160	static
../Core/Src/main.c:141:6:INA219_Init	32	static
../Core/Src/main.c:148:5:INA219_ReadCurrent	40	static
../Core/Src/main.c:169:7:INA219_ReadBusVoltage	32	static
../Core/Src/main.c:180:7:INA219_ReadShuntVoltage	32	static
../Core/Src/main.c:196:6:SystemClock_Config	88	static
../Core/Src/main.c:243:13:MX_I2C1_Init	8	static
../Core/Src/main.c:277:13:MX_USART2_UART_Init	8	static
../Core/Src/main.c:310:13:MX_GPIO_Init	16	static
../Core/Src/main.c:331:6:Error_Handler	4	static,ignoring_inline_asm
